<?xml version="1.0"?>
<link_info>
   <banner>TI ARM Linker PC v16.9.4.LTS</banner>
   <copyright>Copyright (c) 1996-2017 Texas Instruments Incorporated</copyright>
   <link_time>0x650eb3c3</link_time>
   <link_errors>0x0</link_errors>
   <output_file>EUI_EME_ARM12_FREERTOS.out</output_file>
   <entry_point>
      <name>_c_int00</name>
      <address>0x10755</address>
   </entry_point>
   <input_file_list>
      <input_file id="fl-2">
         <path>.\</path>
         <kind>object</kind>
         <file>main.obj</file>
         <name>main.obj</name>
      </input_file>
      <input_file id="fl-3">
         <path>.\</path>
         <kind>object</kind>
         <file>startup_ccs.obj</file>
         <name>startup_ccs.obj</name>
      </input_file>
      <input_file id="fl-4">
         <path>.\FreeRTOS\Source\</path>
         <kind>object</kind>
         <file>croutine.obj</file>
         <name>croutine.obj</name>
      </input_file>
      <input_file id="fl-5">
         <path>.\FreeRTOS\Source\</path>
         <kind>object</kind>
         <file>event_groups.obj</file>
         <name>event_groups.obj</name>
      </input_file>
      <input_file id="fl-6">
         <path>.\FreeRTOS\Source\</path>
         <kind>object</kind>
         <file>list.obj</file>
         <name>list.obj</name>
      </input_file>
      <input_file id="fl-7">
         <path>.\FreeRTOS\Source\</path>
         <kind>object</kind>
         <file>queue.obj</file>
         <name>queue.obj</name>
      </input_file>
      <input_file id="fl-8">
         <path>.\FreeRTOS\Source\</path>
         <kind>object</kind>
         <file>stream_buffer.obj</file>
         <name>stream_buffer.obj</name>
      </input_file>
      <input_file id="fl-9">
         <path>.\FreeRTOS\Source\</path>
         <kind>object</kind>
         <file>tasks.obj</file>
         <name>tasks.obj</name>
      </input_file>
      <input_file id="fl-a">
         <path>.\FreeRTOS\Source\</path>
         <kind>object</kind>
         <file>timers.obj</file>
         <name>timers.obj</name>
      </input_file>
      <input_file id="fl-b">
         <path>.\FreeRTOS\Source\portable\CCS\ARM_CM4F\</path>
         <kind>object</kind>
         <file>port.obj</file>
         <name>port.obj</name>
      </input_file>
      <input_file id="fl-c">
         <path>.\FreeRTOS\Source\portable\CCS\ARM_CM4F\</path>
         <kind>object</kind>
         <file>portasm.obj</file>
         <name>portasm.obj</name>
      </input_file>
      <input_file id="fl-d">
         <path>.\FreeRTOS\Source\portable\MemMang\</path>
         <kind>object</kind>
         <file>heap_4.obj</file>
         <name>heap_4.obj</name>
      </input_file>
      <input_file id="fl-e">
         <path>.\driverlib\</path>
         <kind>object</kind>
         <file>adc.obj</file>
         <name>adc.obj</name>
      </input_file>
      <input_file id="fl-f">
         <path>.\driverlib\</path>
         <kind>object</kind>
         <file>aes.obj</file>
         <name>aes.obj</name>
      </input_file>
      <input_file id="fl-10">
         <path>.\driverlib\</path>
         <kind>object</kind>
         <file>can.obj</file>
         <name>can.obj</name>
      </input_file>
      <input_file id="fl-11">
         <path>.\driverlib\</path>
         <kind>object</kind>
         <file>comp.obj</file>
         <name>comp.obj</name>
      </input_file>
      <input_file id="fl-12">
         <path>.\driverlib\</path>
         <kind>object</kind>
         <file>cpu.obj</file>
         <name>cpu.obj</name>
      </input_file>
      <input_file id="fl-13">
         <path>.\driverlib\</path>
         <kind>object</kind>
         <file>crc.obj</file>
         <name>crc.obj</name>
      </input_file>
      <input_file id="fl-14">
         <path>.\driverlib\</path>
         <kind>object</kind>
         <file>des.obj</file>
         <name>des.obj</name>
      </input_file>
      <input_file id="fl-15">
         <path>.\driverlib\</path>
         <kind>object</kind>
         <file>eeprom.obj</file>
         <name>eeprom.obj</name>
      </input_file>
      <input_file id="fl-16">
         <path>.\driverlib\</path>
         <kind>object</kind>
         <file>emac.obj</file>
         <name>emac.obj</name>
      </input_file>
      <input_file id="fl-17">
         <path>.\driverlib\</path>
         <kind>object</kind>
         <file>epi.obj</file>
         <name>epi.obj</name>
      </input_file>
      <input_file id="fl-18">
         <path>.\driverlib\</path>
         <kind>object</kind>
         <file>epi_workaround_ccs.obj</file>
         <name>epi_workaround_ccs.obj</name>
      </input_file>
      <input_file id="fl-19">
         <path>.\driverlib\</path>
         <kind>object</kind>
         <file>flash.obj</file>
         <name>flash.obj</name>
      </input_file>
      <input_file id="fl-1a">
         <path>.\driverlib\</path>
         <kind>object</kind>
         <file>fpu.obj</file>
         <name>fpu.obj</name>
      </input_file>
      <input_file id="fl-1b">
         <path>.\driverlib\</path>
         <kind>object</kind>
         <file>gpio.obj</file>
         <name>gpio.obj</name>
      </input_file>
      <input_file id="fl-1c">
         <path>.\driverlib\</path>
         <kind>object</kind>
         <file>hibernate.obj</file>
         <name>hibernate.obj</name>
      </input_file>
      <input_file id="fl-1d">
         <path>.\driverlib\</path>
         <kind>object</kind>
         <file>i2c.obj</file>
         <name>i2c.obj</name>
      </input_file>
      <input_file id="fl-1e">
         <path>.\driverlib\</path>
         <kind>object</kind>
         <file>interrupt.obj</file>
         <name>interrupt.obj</name>
      </input_file>
      <input_file id="fl-1f">
         <path>.\driverlib\</path>
         <kind>object</kind>
         <file>lcd.obj</file>
         <name>lcd.obj</name>
      </input_file>
      <input_file id="fl-20">
         <path>.\driverlib\</path>
         <kind>object</kind>
         <file>mpu.obj</file>
         <name>mpu.obj</name>
      </input_file>
      <input_file id="fl-21">
         <path>.\driverlib\</path>
         <kind>object</kind>
         <file>onewire.obj</file>
         <name>onewire.obj</name>
      </input_file>
      <input_file id="fl-22">
         <path>.\driverlib\</path>
         <kind>object</kind>
         <file>pwm.obj</file>
         <name>pwm.obj</name>
      </input_file>
      <input_file id="fl-23">
         <path>.\driverlib\</path>
         <kind>object</kind>
         <file>qei.obj</file>
         <name>qei.obj</name>
      </input_file>
      <input_file id="fl-24">
         <path>.\driverlib\</path>
         <kind>object</kind>
         <file>shamd5.obj</file>
         <name>shamd5.obj</name>
      </input_file>
      <input_file id="fl-25">
         <path>.\driverlib\</path>
         <kind>object</kind>
         <file>ssi.obj</file>
         <name>ssi.obj</name>
      </input_file>
      <input_file id="fl-26">
         <path>.\driverlib\</path>
         <kind>object</kind>
         <file>sw_crc.obj</file>
         <name>sw_crc.obj</name>
      </input_file>
      <input_file id="fl-27">
         <path>.\driverlib\</path>
         <kind>object</kind>
         <file>sysctl.obj</file>
         <name>sysctl.obj</name>
      </input_file>
      <input_file id="fl-28">
         <path>.\driverlib\</path>
         <kind>object</kind>
         <file>sysexc.obj</file>
         <name>sysexc.obj</name>
      </input_file>
      <input_file id="fl-29">
         <path>.\driverlib\</path>
         <kind>object</kind>
         <file>systick.obj</file>
         <name>systick.obj</name>
      </input_file>
      <input_file id="fl-2a">
         <path>.\driverlib\</path>
         <kind>object</kind>
         <file>timer.obj</file>
         <name>timer.obj</name>
      </input_file>
      <input_file id="fl-2b">
         <path>.\driverlib\</path>
         <kind>object</kind>
         <file>uart.obj</file>
         <name>uart.obj</name>
      </input_file>
      <input_file id="fl-2c">
         <path>.\driverlib\</path>
         <kind>object</kind>
         <file>udma.obj</file>
         <name>udma.obj</name>
      </input_file>
      <input_file id="fl-2d">
         <path>.\driverlib\</path>
         <kind>object</kind>
         <file>usb.obj</file>
         <name>usb.obj</name>
      </input_file>
      <input_file id="fl-2e">
         <path>.\driverlib\</path>
         <kind>object</kind>
         <file>watchdog.obj</file>
         <name>watchdog.obj</name>
      </input_file>
      <input_file id="fl-2f">
         <path>.\drivers\</path>
         <kind>object</kind>
         <file>buttons.obj</file>
         <name>buttons.obj</name>
      </input_file>
      <input_file id="fl-30">
         <path>.\drivers\</path>
         <kind>object</kind>
         <file>configADC.obj</file>
         <name>configADC.obj</name>
      </input_file>
      <input_file id="fl-31">
         <path>.\drivers\</path>
         <kind>object</kind>
         <file>rgb.obj</file>
         <name>rgb.obj</name>
      </input_file>
      <input_file id="fl-32">
         <path>.\usblib\device\</path>
         <kind>object</kind>
         <file>usbdaudio.obj</file>
         <name>usbdaudio.obj</name>
      </input_file>
      <input_file id="fl-33">
         <path>.\usblib\device\</path>
         <kind>object</kind>
         <file>usbdbulk.obj</file>
         <name>usbdbulk.obj</name>
      </input_file>
      <input_file id="fl-34">
         <path>.\usblib\device\</path>
         <kind>object</kind>
         <file>usbdcdc.obj</file>
         <name>usbdcdc.obj</name>
      </input_file>
      <input_file id="fl-35">
         <path>.\usblib\device\</path>
         <kind>object</kind>
         <file>usbdcdesc.obj</file>
         <name>usbdcdesc.obj</name>
      </input_file>
      <input_file id="fl-36">
         <path>.\usblib\device\</path>
         <kind>object</kind>
         <file>usbdcomp.obj</file>
         <name>usbdcomp.obj</name>
      </input_file>
      <input_file id="fl-37">
         <path>.\usblib\device\</path>
         <kind>object</kind>
         <file>usbdconfig.obj</file>
         <name>usbdconfig.obj</name>
      </input_file>
      <input_file id="fl-38">
         <path>.\usblib\device\</path>
         <kind>object</kind>
         <file>usbddfu-rt.obj</file>
         <name>usbddfu-rt.obj</name>
      </input_file>
      <input_file id="fl-39">
         <path>.\usblib\device\</path>
         <kind>object</kind>
         <file>usbdenum.obj</file>
         <name>usbdenum.obj</name>
      </input_file>
      <input_file id="fl-3a">
         <path>.\usblib\device\</path>
         <kind>object</kind>
         <file>usbdhandler.obj</file>
         <name>usbdhandler.obj</name>
      </input_file>
      <input_file id="fl-3b">
         <path>.\usblib\device\</path>
         <kind>object</kind>
         <file>usbdhid.obj</file>
         <name>usbdhid.obj</name>
      </input_file>
      <input_file id="fl-3c">
         <path>.\usblib\device\</path>
         <kind>object</kind>
         <file>usbdhidgamepad.obj</file>
         <name>usbdhidgamepad.obj</name>
      </input_file>
      <input_file id="fl-3d">
         <path>.\usblib\device\</path>
         <kind>object</kind>
         <file>usbdhidkeyb.obj</file>
         <name>usbdhidkeyb.obj</name>
      </input_file>
      <input_file id="fl-3e">
         <path>.\usblib\device\</path>
         <kind>object</kind>
         <file>usbdhidmouse.obj</file>
         <name>usbdhidmouse.obj</name>
      </input_file>
      <input_file id="fl-3f">
         <path>.\usblib\device\</path>
         <kind>object</kind>
         <file>usbdmsc.obj</file>
         <name>usbdmsc.obj</name>
      </input_file>
      <input_file id="fl-40">
         <path>.\usblib\host\</path>
         <kind>object</kind>
         <file>usbhaudio.obj</file>
         <name>usbhaudio.obj</name>
      </input_file>
      <input_file id="fl-41">
         <path>.\usblib\host\</path>
         <kind>object</kind>
         <file>usbhhid.obj</file>
         <name>usbhhid.obj</name>
      </input_file>
      <input_file id="fl-42">
         <path>.\usblib\host\</path>
         <kind>object</kind>
         <file>usbhhidkeyboard.obj</file>
         <name>usbhhidkeyboard.obj</name>
      </input_file>
      <input_file id="fl-43">
         <path>.\usblib\host\</path>
         <kind>object</kind>
         <file>usbhhidmouse.obj</file>
         <name>usbhhidmouse.obj</name>
      </input_file>
      <input_file id="fl-44">
         <path>.\usblib\host\</path>
         <kind>object</kind>
         <file>usbhhub.obj</file>
         <name>usbhhub.obj</name>
      </input_file>
      <input_file id="fl-45">
         <path>.\usblib\host\</path>
         <kind>object</kind>
         <file>usbhmsc.obj</file>
         <name>usbhmsc.obj</name>
      </input_file>
      <input_file id="fl-46">
         <path>.\usblib\host\</path>
         <kind>object</kind>
         <file>usbhostenum.obj</file>
         <name>usbhostenum.obj</name>
      </input_file>
      <input_file id="fl-47">
         <path>.\usblib\host\</path>
         <kind>object</kind>
         <file>usbhscsi.obj</file>
         <name>usbhscsi.obj</name>
      </input_file>
      <input_file id="fl-48">
         <path>.\usblib\</path>
         <kind>object</kind>
         <file>usbbuffer.obj</file>
         <name>usbbuffer.obj</name>
      </input_file>
      <input_file id="fl-49">
         <path>.\usblib\</path>
         <kind>object</kind>
         <file>usbdesc.obj</file>
         <name>usbdesc.obj</name>
      </input_file>
      <input_file id="fl-4a">
         <path>.\usblib\</path>
         <kind>object</kind>
         <file>usbdma.obj</file>
         <name>usbdma.obj</name>
      </input_file>
      <input_file id="fl-4b">
         <path>.\usblib\</path>
         <kind>object</kind>
         <file>usbkeyboardmap.obj</file>
         <name>usbkeyboardmap.obj</name>
      </input_file>
      <input_file id="fl-4c">
         <path>.\usblib\</path>
         <kind>object</kind>
         <file>usbmode.obj</file>
         <name>usbmode.obj</name>
      </input_file>
      <input_file id="fl-4d">
         <path>.\usblib\</path>
         <kind>object</kind>
         <file>usbringbuf.obj</file>
         <name>usbringbuf.obj</name>
      </input_file>
      <input_file id="fl-4e">
         <path>.\usblib\</path>
         <kind>object</kind>
         <file>usbtick.obj</file>
         <name>usbtick.obj</name>
      </input_file>
      <input_file id="fl-4f">
         <path>.\usblib\</path>
         <kind>object</kind>
         <file>usbulpi.obj</file>
         <name>usbulpi.obj</name>
      </input_file>
      <input_file id="fl-50">
         <path>.\utils\</path>
         <kind>object</kind>
         <file>RunTimeStatsConfig.obj</file>
         <name>RunTimeStatsConfig.obj</name>
      </input_file>
      <input_file id="fl-51">
         <path>.\utils\</path>
         <kind>object</kind>
         <file>cmdline.obj</file>
         <name>cmdline.obj</name>
      </input_file>
      <input_file id="fl-52">
         <path>.\utils\</path>
         <kind>object</kind>
         <file>cpu_usage.obj</file>
         <name>cpu_usage.obj</name>
      </input_file>
      <input_file id="fl-53">
         <path>.\utils\</path>
         <kind>object</kind>
         <file>uartstdio.obj</file>
         <name>uartstdio.obj</name>
      </input_file>
      <input_file id="fl-57">
         <kind>object</kind>
         <file>&lt;internal&gt;</file>
         <name>&lt;internal&gt;</name>
      </input_file>
      <input_file id="fl-10d">
         <path>C:\ti\ccsv7\tools\compiler\ti-cgt-arm_16.9.4.LTS\lib\</path>
         <kind>archive</kind>
         <file>rtsv7M4_T_le_v4SPD16_eabi.lib</file>
         <name>boot.obj</name>
      </input_file>
      <input_file id="fl-10e">
         <path>C:\ti\ccsv7\tools\compiler\ti-cgt-arm_16.9.4.LTS\lib\</path>
         <kind>archive</kind>
         <file>rtsv7M4_T_le_v4SPD16_eabi.lib</file>
         <name>copy_decompress_lzss.obj</name>
      </input_file>
      <input_file id="fl-10f">
         <path>C:\ti\ccsv7\tools\compiler\ti-cgt-arm_16.9.4.LTS\lib\</path>
         <kind>archive</kind>
         <file>rtsv7M4_T_le_v4SPD16_eabi.lib</file>
         <name>copy_decompress_none.obj</name>
      </input_file>
      <input_file id="fl-110">
         <path>C:\ti\ccsv7\tools\compiler\ti-cgt-arm_16.9.4.LTS\lib\</path>
         <kind>archive</kind>
         <file>rtsv7M4_T_le_v4SPD16_eabi.lib</file>
         <name>copy_zero_init.obj</name>
      </input_file>
      <input_file id="fl-111">
         <path>C:\ti\ccsv7\tools\compiler\ti-cgt-arm_16.9.4.LTS\lib\</path>
         <kind>archive</kind>
         <file>rtsv7M4_T_le_v4SPD16_eabi.lib</file>
         <name>exit.obj</name>
      </input_file>
      <input_file id="fl-112">
         <path>C:\ti\ccsv7\tools\compiler\ti-cgt-arm_16.9.4.LTS\lib\</path>
         <kind>archive</kind>
         <file>rtsv7M4_T_le_v4SPD16_eabi.lib</file>
         <name>fs_toull_t2.obj</name>
      </input_file>
      <input_file id="fl-113">
         <path>C:\ti\ccsv7\tools\compiler\ti-cgt-arm_16.9.4.LTS\lib\</path>
         <kind>archive</kind>
         <file>rtsv7M4_T_le_v4SPD16_eabi.lib</file>
         <name>memcpy_t2.obj</name>
      </input_file>
      <input_file id="fl-114">
         <path>C:\ti\ccsv7\tools\compiler\ti-cgt-arm_16.9.4.LTS\lib\</path>
         <kind>archive</kind>
         <file>rtsv7M4_T_le_v4SPD16_eabi.lib</file>
         <name>memset_t2.obj</name>
      </input_file>
      <input_file id="fl-115">
         <path>C:\ti\ccsv7\tools\compiler\ti-cgt-arm_16.9.4.LTS\lib\</path>
         <kind>archive</kind>
         <file>rtsv7M4_T_le_v4SPD16_eabi.lib</file>
         <name>mpu_init.obj</name>
      </input_file>
      <input_file id="fl-116">
         <path>C:\ti\ccsv7\tools\compiler\ti-cgt-arm_16.9.4.LTS\lib\</path>
         <kind>archive</kind>
         <file>rtsv7M4_T_le_v4SPD16_eabi.lib</file>
         <name>pre_init.obj</name>
      </input_file>
      <input_file id="fl-117">
         <path>C:\ti\ccsv7\tools\compiler\ti-cgt-arm_16.9.4.LTS\lib\</path>
         <kind>archive</kind>
         <file>rtsv7M4_T_le_v4SPD16_eabi.lib</file>
         <name>sprintf.obj</name>
      </input_file>
      <input_file id="fl-118">
         <path>C:\ti\ccsv7\tools\compiler\ti-cgt-arm_16.9.4.LTS\lib\</path>
         <kind>archive</kind>
         <file>rtsv7M4_T_le_v4SPD16_eabi.lib</file>
         <name>stkdepth_vars.obj</name>
      </input_file>
      <input_file id="fl-119">
         <path>C:\ti\ccsv7\tools\compiler\ti-cgt-arm_16.9.4.LTS\lib\</path>
         <kind>archive</kind>
         <file>rtsv7M4_T_le_v4SPD16_eabi.lib</file>
         <name>strcmp.obj</name>
      </input_file>
      <input_file id="fl-11a">
         <path>C:\ti\ccsv7\tools\compiler\ti-cgt-arm_16.9.4.LTS\lib\</path>
         <kind>archive</kind>
         <file>rtsv7M4_T_le_v4SPD16_eabi.lib</file>
         <name>strcpy.obj</name>
      </input_file>
      <input_file id="fl-11b">
         <path>C:\ti\ccsv7\tools\compiler\ti-cgt-arm_16.9.4.LTS\lib\</path>
         <kind>archive</kind>
         <file>rtsv7M4_T_le_v4SPD16_eabi.lib</file>
         <name>strlen.obj</name>
      </input_file>
      <input_file id="fl-11c">
         <path>C:\ti\ccsv7\tools\compiler\ti-cgt-arm_16.9.4.LTS\lib\</path>
         <kind>archive</kind>
         <file>rtsv7M4_T_le_v4SPD16_eabi.lib</file>
         <name>u_divt2.obj</name>
      </input_file>
      <input_file id="fl-11d">
         <path>C:\ti\ccsv7\tools\compiler\ti-cgt-arm_16.9.4.LTS\lib\</path>
         <kind>archive</kind>
         <file>rtsv7M4_T_le_v4SPD16_eabi.lib</file>
         <name>_lock.obj</name>
      </input_file>
      <input_file id="fl-11e">
         <path>C:\ti\ccsv7\tools\compiler\ti-cgt-arm_16.9.4.LTS\lib\</path>
         <kind>archive</kind>
         <file>rtsv7M4_T_le_v4SPD16_eabi.lib</file>
         <name>_printfi.obj</name>
      </input_file>
      <input_file id="fl-11f">
         <path>C:\ti\ccsv7\tools\compiler\ti-cgt-arm_16.9.4.LTS\lib\</path>
         <kind>archive</kind>
         <file>rtsv7M4_T_le_v4SPD16_eabi.lib</file>
         <name>args_main.obj</name>
      </input_file>
      <input_file id="fl-120">
         <path>C:\ti\ccsv7\tools\compiler\ti-cgt-arm_16.9.4.LTS\lib\</path>
         <kind>archive</kind>
         <file>rtsv7M4_T_le_v4SPD16_eabi.lib</file>
         <name>atoi.obj</name>
      </input_file>
      <input_file id="fl-121">
         <path>C:\ti\ccsv7\tools\compiler\ti-cgt-arm_16.9.4.LTS\lib\</path>
         <kind>archive</kind>
         <file>rtsv7M4_T_le_v4SPD16_eabi.lib</file>
         <name>autoinit.obj</name>
      </input_file>
      <input_file id="fl-122">
         <path>C:\ti\ccsv7\tools\compiler\ti-cgt-arm_16.9.4.LTS\lib\</path>
         <kind>archive</kind>
         <file>rtsv7M4_T_le_v4SPD16_eabi.lib</file>
         <name>cpy_tbl.obj</name>
      </input_file>
      <input_file id="fl-123">
         <path>C:\ti\ccsv7\tools\compiler\ti-cgt-arm_16.9.4.LTS\lib\</path>
         <kind>archive</kind>
         <file>rtsv7M4_T_le_v4SPD16_eabi.lib</file>
         <name>ctype.obj</name>
      </input_file>
      <input_file id="fl-124">
         <path>C:\ti\ccsv7\tools\compiler\ti-cgt-arm_16.9.4.LTS\lib\</path>
         <kind>archive</kind>
         <file>rtsv7M4_T_le_v4SPD16_eabi.lib</file>
         <name>fd_add_t2.obj</name>
      </input_file>
      <input_file id="fl-125">
         <path>C:\ti\ccsv7\tools\compiler\ti-cgt-arm_16.9.4.LTS\lib\</path>
         <kind>archive</kind>
         <file>rtsv7M4_T_le_v4SPD16_eabi.lib</file>
         <name>fd_cmp_t2.obj</name>
      </input_file>
      <input_file id="fl-126">
         <path>C:\ti\ccsv7\tools\compiler\ti-cgt-arm_16.9.4.LTS\lib\</path>
         <kind>archive</kind>
         <file>rtsv7M4_T_le_v4SPD16_eabi.lib</file>
         <name>fd_div_t2.obj</name>
      </input_file>
      <input_file id="fl-127">
         <path>C:\ti\ccsv7\tools\compiler\ti-cgt-arm_16.9.4.LTS\lib\</path>
         <kind>archive</kind>
         <file>rtsv7M4_T_le_v4SPD16_eabi.lib</file>
         <name>fd_mul_t2.obj</name>
      </input_file>
      <input_file id="fl-128">
         <path>C:\ti\ccsv7\tools\compiler\ti-cgt-arm_16.9.4.LTS\lib\</path>
         <kind>archive</kind>
         <file>rtsv7M4_T_le_v4SPD16_eabi.lib</file>
         <name>fd_toi_t2.obj</name>
      </input_file>
      <input_file id="fl-129">
         <path>C:\ti\ccsv7\tools\compiler\ti-cgt-arm_16.9.4.LTS\lib\</path>
         <kind>archive</kind>
         <file>rtsv7M4_T_le_v4SPD16_eabi.lib</file>
         <name>i_div0.obj</name>
      </input_file>
      <input_file id="fl-12a">
         <path>C:\ti\ccsv7\tools\compiler\ti-cgt-arm_16.9.4.LTS\lib\</path>
         <kind>archive</kind>
         <file>rtsv7M4_T_le_v4SPD16_eabi.lib</file>
         <name>i_tofd_t2.obj</name>
      </input_file>
      <input_file id="fl-12b">
         <path>C:\ti\ccsv7\tools\compiler\ti-cgt-arm_16.9.4.LTS\lib\</path>
         <kind>archive</kind>
         <file>rtsv7M4_T_le_v4SPD16_eabi.lib</file>
         <name>ltoa.obj</name>
      </input_file>
      <input_file id="fl-12c">
         <path>C:\ti\ccsv7\tools\compiler\ti-cgt-arm_16.9.4.LTS\lib\</path>
         <kind>archive</kind>
         <file>rtsv7M4_T_le_v4SPD16_eabi.lib</file>
         <name>memccpy.obj</name>
      </input_file>
      <input_file id="fl-12d">
         <path>C:\ti\ccsv7\tools\compiler\ti-cgt-arm_16.9.4.LTS\lib\</path>
         <kind>archive</kind>
         <file>rtsv7M4_T_le_v4SPD16_eabi.lib</file>
         <name>s_frexp.obj</name>
      </input_file>
      <input_file id="fl-12e">
         <path>C:\ti\ccsv7\tools\compiler\ti-cgt-arm_16.9.4.LTS\lib\</path>
         <kind>archive</kind>
         <file>rtsv7M4_T_le_v4SPD16_eabi.lib</file>
         <name>s_scalbn.obj</name>
      </input_file>
      <input_file id="fl-12f">
         <path>C:\ti\ccsv7\tools\compiler\ti-cgt-arm_16.9.4.LTS\lib\</path>
         <kind>archive</kind>
         <file>rtsv7M4_T_le_v4SPD16_eabi.lib</file>
         <name>startup.obj</name>
      </input_file>
      <input_file id="fl-130">
         <path>C:\ti\ccsv7\tools\compiler\ti-cgt-arm_16.9.4.LTS\lib\</path>
         <kind>archive</kind>
         <file>rtsv7M4_T_le_v4SPD16_eabi.lib</file>
         <name>strchr.obj</name>
      </input_file>
      <input_file id="fl-131">
         <path>C:\ti\ccsv7\tools\compiler\ti-cgt-arm_16.9.4.LTS\lib\</path>
         <kind>archive</kind>
         <file>rtsv7M4_T_le_v4SPD16_eabi.lib</file>
         <name>ull_div_t2.obj</name>
      </input_file>
      <input_file id="fl-132">
         <path>C:\ti\ccsv7\tools\compiler\ti-cgt-arm_16.9.4.LTS\lib\</path>
         <kind>archive</kind>
         <file>rtsv7M4_T_le_v4SPD16_eabi.lib</file>
         <name>errno.obj</name>
      </input_file>
      <input_file id="fl-133">
         <path>C:\ti\ccsv7\tools\compiler\ti-cgt-arm_16.9.4.LTS\lib\</path>
         <kind>archive</kind>
         <file>rtsv7M4_T_le_v4SPD16_eabi.lib</file>
         <name>s_copysign.obj</name>
      </input_file>
   </input_file_list>
   <object_component_list>
      <object_component id="oc-f">
         <name>.intvecs</name>
         <load_address>0x0</load_address>
         <run_address>0x0</run_address>
         <size>0x26c</size>
         <input_file_ref idref="fl-3"/>
      </object_component>
      <object_component id="oc-1ed">
         <name>.text</name>
         <load_address>0x26c</load_address>
         <run_address>0x26c</run_address>
         <size>0x238c</size>
         <input_file_ref idref="fl-2d"/>
      </object_component>
      <object_component id="oc-97">
         <name>.text</name>
         <load_address>0x25f8</load_address>
         <run_address>0x25f8</run_address>
         <size>0x1efc</size>
         <input_file_ref idref="fl-9"/>
      </object_component>
      <object_component id="oc-185">
         <name>.text</name>
         <load_address>0x44f4</load_address>
         <run_address>0x44f4</run_address>
         <size>0x1690</size>
         <input_file_ref idref="fl-27"/>
      </object_component>
      <object_component id="oc-ed">
         <name>.text</name>
         <load_address>0x5b84</load_address>
         <run_address>0x5b84</run_address>
         <size>0x1570</size>
         <input_file_ref idref="fl-39"/>
      </object_component>
      <object_component id="oc-197">
         <name>.text</name>
         <load_address>0x70f4</load_address>
         <run_address>0x70f4</run_address>
         <size>0x11f4</size>
         <input_file_ref idref="fl-1b"/>
      </object_component>
      <object_component id="oc-2a0">
         <name>.text</name>
         <load_address>0x82e8</load_address>
         <run_address>0x82e8</run_address>
         <size>0x113e</size>
         <input_file_ref idref="fl-11e"/>
      </object_component>
      <object_component id="oc-1e1">
         <name>.text</name>
         <load_address>0x9426</load_address>
         <run_address>0x9426</run_address>
         <size>0x2</size>
         <input_file_ref idref="fl-129"/>
      </object_component>
      <object_component id="oc-1f9">
         <name>.text</name>
         <load_address>0x9428</load_address>
         <run_address>0x9428</run_address>
         <size>0xfa8</size>
         <input_file_ref idref="fl-4a"/>
      </object_component>
      <object_component id="oc-b8">
         <name>.text</name>
         <load_address>0xa3d0</load_address>
         <run_address>0xa3d0</run_address>
         <size>0xeb4</size>
         <input_file_ref idref="fl-7"/>
      </object_component>
      <object_component id="oc-28f">
         <name>.text</name>
         <load_address>0xb284</load_address>
         <run_address>0xb284</run_address>
         <size>0xd08</size>
         <input_file_ref idref="fl-2a"/>
      </object_component>
      <object_component id="oc-3c">
         <name>.text</name>
         <load_address>0xbf8c</load_address>
         <run_address>0xbf8c</run_address>
         <size>0xb8c</size>
         <input_file_ref idref="fl-53"/>
      </object_component>
      <object_component id="oc-be">
         <name>.text</name>
         <load_address>0xcb18</load_address>
         <run_address>0xcb18</run_address>
         <size>0xa80</size>
         <input_file_ref idref="fl-2b"/>
      </object_component>
      <object_component id="oc-14b">
         <name>.text</name>
         <load_address>0xd598</load_address>
         <run_address>0xd598</run_address>
         <size>0x71c</size>
         <input_file_ref idref="fl-a"/>
      </object_component>
      <object_component id="oc-191">
         <name>.text</name>
         <load_address>0xdcb4</load_address>
         <run_address>0xdcb4</run_address>
         <size>0x490</size>
         <input_file_ref idref="fl-1e"/>
      </object_component>
      <object_component id="oc-19d">
         <name>.text</name>
         <load_address>0xe144</load_address>
         <run_address>0xe144</run_address>
         <size>0x42c</size>
         <input_file_ref idref="fl-31"/>
      </object_component>
      <object_component id="oc-21e">
         <name>.text</name>
         <load_address>0xe570</load_address>
         <run_address>0xe570</run_address>
         <size>0x3bc</size>
         <input_file_ref idref="fl-37"/>
      </object_component>
      <object_component id="oc-133">
         <name>.text</name>
         <load_address>0xe92c</load_address>
         <run_address>0xe92c</run_address>
         <size>0x394</size>
         <input_file_ref idref="fl-d"/>
      </object_component>
      <object_component id="oc-218">
         <name>.text</name>
         <load_address>0xecc0</load_address>
         <run_address>0xecc0</run_address>
         <size>0x2de</size>
         <input_file_ref idref="fl-35"/>
      </object_component>
      <object_component id="oc-6e">
         <name>.text</name>
         <load_address>0xef9e</load_address>
         <run_address>0xef9e</run_address>
         <size>0x2</size>
         <input_file_ref idref="fl-115"/>
      </object_component>
      <object_component id="oc-36">
         <name>.text</name>
         <load_address>0xefa0</load_address>
         <run_address>0xefa0</run_address>
         <size>0x2d0</size>
         <input_file_ref idref="fl-b"/>
      </object_component>
      <object_component id="oc-9e">
         <name>.text</name>
         <load_address>0xf270</load_address>
         <run_address>0xf270</run_address>
         <size>0x210</size>
         <input_file_ref idref="fl-2"/>
      </object_component>
      <object_component id="oc-37d">
         <name>.text</name>
         <load_address>0xf480</load_address>
         <run_address>0xf480</run_address>
         <size>0x1f4</size>
         <input_file_ref idref="fl-131"/>
      </object_component>
      <object_component id="oc-337">
         <name>.text</name>
         <load_address>0xf674</load_address>
         <run_address>0xf674</run_address>
         <size>0x1d2</size>
         <input_file_ref idref="fl-49"/>
      </object_component>
      <object_component id="oc-3a6">
         <name>.text</name>
         <load_address>0xf846</load_address>
         <run_address>0xf846</run_address>
         <size>0x1b6</size>
         <input_file_ref idref="fl-124"/>
      </object_component>
      <object_component id="oc-38c">
         <name>.text</name>
         <load_address>0xf9fc</load_address>
         <run_address>0xf9fc</run_address>
         <size>0x136</size>
         <input_file_ref idref="fl-126"/>
      </object_component>
      <object_component id="oc-139">
         <name>.text</name>
         <load_address>0xfb32</load_address>
         <run_address>0xfb32</run_address>
         <size>0x12a</size>
         <input_file_ref idref="fl-6"/>
      </object_component>
      <object_component id="oc-18b">
         <name>.text</name>
         <load_address>0xfc5c</load_address>
         <run_address>0xfc5c</run_address>
         <size>0x128</size>
         <input_file_ref idref="fl-2f"/>
      </object_component>
      <object_component id="oc-17f">
         <name>.text</name>
         <load_address>0xfd84</load_address>
         <run_address>0xfd84</run_address>
         <size>0x124</size>
         <input_file_ref idref="fl-52"/>
      </object_component>
      <object_component id="oc-387">
         <name>.text</name>
         <load_address>0xfea8</load_address>
         <run_address>0xfea8</run_address>
         <size>0xfc</size>
         <input_file_ref idref="fl-127"/>
      </object_component>
      <object_component id="oc-3b1">
         <name>.text</name>
         <load_address>0xffa4</load_address>
         <run_address>0xffa4</run_address>
         <size>0xfc</size>
         <input_file_ref idref="fl-12e"/>
      </object_component>
      <object_component id="oc-1ff">
         <name>.text</name>
         <load_address>0x100a0</load_address>
         <run_address>0x100a0</run_address>
         <size>0xec</size>
         <input_file_ref idref="fl-4e"/>
      </object_component>
      <object_component id="oc-31">
         <name>.text</name>
         <load_address>0x1018c</load_address>
         <run_address>0x1018c</run_address>
         <size>0xda</size>
         <input_file_ref idref="fl-c"/>
      </object_component>
      <object_component id="oc-1f3">
         <name>.text</name>
         <load_address>0x10266</load_address>
         <run_address>0x10266</run_address>
         <size>0xc8</size>
         <input_file_ref idref="fl-4f"/>
      </object_component>
      <object_component id="oc-56">
         <name>.text</name>
         <load_address>0x1032e</load_address>
         <run_address>0x1032e</run_address>
         <size>0x9c</size>
         <input_file_ref idref="fl-113"/>
      </object_component>
      <object_component id="oc-382">
         <name>.text:__aeabi_cdcmple</name>
         <load_address>0x103ca</load_address>
         <run_address>0x103ca</run_address>
         <size>0x86</size>
         <input_file_ref idref="fl-125"/>
      </object_component>
      <object_component id="oc-391">
         <name>.text:__aeabi_cdrcmple</name>
         <load_address>0x10450</load_address>
         <run_address>0x10450</run_address>
         <size>0x86</size>
         <input_file_ref idref="fl-125"/>
      </object_component>
      <object_component id="oc-62">
         <name>.text</name>
         <load_address>0x104d6</load_address>
         <run_address>0x104d6</run_address>
         <size>0x7a</size>
         <input_file_ref idref="fl-114"/>
      </object_component>
      <object_component id="oc-7a">
         <name>.text</name>
         <load_address>0x10550</load_address>
         <run_address>0x10550</run_address>
         <size>0x70</size>
         <input_file_ref idref="fl-121"/>
      </object_component>
      <object_component id="oc-151">
         <name>.text</name>
         <load_address>0x105c0</load_address>
         <run_address>0x105c0</run_address>
         <size>0x68</size>
         <input_file_ref idref="fl-50"/>
      </object_component>
      <object_component id="oc-12">
         <name>.text:decompress:lzss</name>
         <load_address>0x10628</load_address>
         <run_address>0x10628</run_address>
         <size>0x68</size>
         <input_file_ref idref="fl-10e"/>
      </object_component>
      <object_component id="oc-3ab">
         <name>.text</name>
         <load_address>0x10690</load_address>
         <run_address>0x10690</run_address>
         <size>0x64</size>
         <input_file_ref idref="fl-12d"/>
      </object_component>
      <object_component id="oc-173">
         <name>.text</name>
         <load_address>0x106f4</load_address>
         <run_address>0x106f4</run_address>
         <size>0x60</size>
         <input_file_ref idref="fl-117"/>
      </object_component>
      <object_component id="oc-24">
         <name>.text</name>
         <load_address>0x10754</load_address>
         <run_address>0x10754</run_address>
         <size>0x54</size>
         <input_file_ref idref="fl-10d"/>
      </object_component>
      <object_component id="oc-86">
         <name>.text</name>
         <load_address>0x107a8</load_address>
         <run_address>0x107a8</run_address>
         <size>0x54</size>
         <input_file_ref idref="fl-111"/>
      </object_component>
      <object_component id="oc-39b">
         <name>.text</name>
         <load_address>0x107fc</load_address>
         <run_address>0x107fc</run_address>
         <size>0x54</size>
         <input_file_ref idref="fl-12b"/>
      </object_component>
      <object_component id="oc-2f2">
         <name>.text</name>
         <load_address>0x10850</load_address>
         <run_address>0x10850</run_address>
         <size>0x50</size>
         <input_file_ref idref="fl-112"/>
      </object_component>
      <object_component id="oc-3bd">
         <name>.text</name>
         <load_address>0x108a0</load_address>
         <run_address>0x108a0</run_address>
         <size>0x4c</size>
         <input_file_ref idref="fl-120"/>
      </object_component>
      <object_component id="oc-10e">
         <name>.text</name>
         <load_address>0x108ec</load_address>
         <run_address>0x108ec</run_address>
         <size>0x4c</size>
         <input_file_ref idref="fl-122"/>
      </object_component>
      <object_component id="oc-396">
         <name>.text</name>
         <load_address>0x10938</load_address>
         <run_address>0x10938</run_address>
         <size>0x48</size>
         <input_file_ref idref="fl-128"/>
      </object_component>
      <object_component id="oc-d9">
         <name>.text</name>
         <load_address>0x10980</load_address>
         <run_address>0x10980</run_address>
         <size>0x40</size>
         <input_file_ref idref="fl-11c"/>
      </object_component>
      <object_component id="oc-2b6">
         <name>.text</name>
         <load_address>0x109c0</load_address>
         <run_address>0x109c0</run_address>
         <size>0x3e</size>
         <input_file_ref idref="fl-12"/>
      </object_component>
      <object_component id="oc-3a1">
         <name>.text</name>
         <load_address>0x109fe</load_address>
         <run_address>0x109fe</run_address>
         <size>0x2e</size>
         <input_file_ref idref="fl-12a"/>
      </object_component>
      <object_component id="oc-2b">
         <name>.text</name>
         <load_address>0x10a2c</load_address>
         <run_address>0x10a2c</run_address>
         <size>0x2c</size>
         <input_file_ref idref="fl-3"/>
      </object_component>
      <object_component id="oc-15a">
         <name>.text:GetOverflowCounts</name>
         <load_address>0x10a58</load_address>
         <run_address>0x10a58</run_address>
         <size>0x24</size>
         <input_file_ref idref="fl-50"/>
      </object_component>
      <object_component id="oc-42">
         <name>.text</name>
         <load_address>0x10a7c</load_address>
         <run_address>0x10a7c</run_address>
         <size>0x24</size>
         <input_file_ref idref="fl-3a"/>
      </object_component>
      <object_component id="oc-3c3">
         <name>.text</name>
         <load_address>0x10aa0</load_address>
         <run_address>0x10aa0</run_address>
         <size>0x1c</size>
         <input_file_ref idref="fl-12c"/>
      </object_component>
      <object_component id="oc-80">
         <name>.text</name>
         <load_address>0x10abc</load_address>
         <run_address>0x10abc</run_address>
         <size>0x18</size>
         <input_file_ref idref="fl-11f"/>
      </object_component>
      <object_component id="oc-3b7">
         <name>.text</name>
         <load_address>0x10ad4</load_address>
         <run_address>0x10ad4</run_address>
         <size>0x16</size>
         <input_file_ref idref="fl-130"/>
      </object_component>
      <object_component id="oc-114">
         <name>.text</name>
         <load_address>0x10aea</load_address>
         <run_address>0x10aea</run_address>
         <size>0x2</size>
         <input_file_ref idref="fl-12f"/>
      </object_component>
      <object_component id="oc-247">
         <name>.text</name>
         <load_address>0x10aec</load_address>
         <run_address>0x10aec</run_address>
         <size>0x14</size>
         <input_file_ref idref="fl-11d"/>
      </object_component>
      <object_component id="oc-467">
         <name>.text</name>
         <load_address>0x10b00</load_address>
         <run_address>0x10b00</run_address>
         <size>0x14</size>
         <input_file_ref idref="fl-133"/>
      </object_component>
      <object_component id="oc-167">
         <name>.text</name>
         <load_address>0x10b14</load_address>
         <run_address>0x10b14</run_address>
         <size>0x14</size>
         <input_file_ref idref="fl-11a"/>
      </object_component>
      <object_component id="oc-16d">
         <name>.text</name>
         <load_address>0x10b28</load_address>
         <run_address>0x10b28</run_address>
         <size>0x14</size>
         <input_file_ref idref="fl-11b"/>
      </object_component>
      <object_component id="oc-18">
         <name>.text:decompress:none</name>
         <load_address>0x10b3c</load_address>
         <run_address>0x10b3c</run_address>
         <size>0xe</size>
         <input_file_ref idref="fl-10f"/>
      </object_component>
      <object_component id="oc-1e">
         <name>.text:decompress:ZI</name>
         <load_address>0x10b4a</load_address>
         <run_address>0x10b4a</run_address>
         <size>0xc</size>
         <input_file_ref idref="fl-110"/>
      </object_component>
      <object_component id="oc-2c5">
         <name>.text:SysCtlDelay</name>
         <load_address>0x10b56</load_address>
         <run_address>0x10b56</run_address>
         <size>0x6</size>
         <input_file_ref idref="fl-27"/>
      </object_component>
      <object_component id="oc-74">
         <name>.text</name>
         <load_address>0x10b5c</load_address>
         <run_address>0x10b5c</run_address>
         <size>0x4</size>
         <input_file_ref idref="fl-116"/>
      </object_component>
      <object_component id="oc-2c2">
         <name>.const:g_pppui32XTALtoVCO</name>
         <load_address>0x10b60</load_address>
         <run_address>0x10b60</run_address>
         <size>0x1b0</size>
         <input_file_ref idref="fl-27"/>
      </object_component>
      <object_component id="oc-474">
         <name>.const:.string:_ctypes_</name>
         <load_address>0x10d10</load_address>
         <run_address>0x10d10</run_address>
         <size>0x101</size>
         <input_file_ref idref="fl-123"/>
      </object_component>
      <object_component id="oc-2ea">
         <name>.const:g_ppui32GPIOIntMapSnowflake</name>
         <load_address>0x10e14</load_address>
         <run_address>0x10e14</run_address>
         <size>0xd8</size>
         <input_file_ref idref="fl-1b"/>
      </object_component>
      <object_component id="oc-2e4">
         <name>.const:g_ppui32GPIOIntMapBlizzard</name>
         <load_address>0x10eec</load_address>
         <run_address>0x10eec</run_address>
         <size>0xc0</size>
         <input_file_ref idref="fl-1b"/>
      </object_component>
      <object_component id="oc-2d3">
         <name>.const:g_pui32Regs</name>
         <load_address>0x10fac</load_address>
         <run_address>0x10fac</run_address>
         <size>0x9c</size>
         <input_file_ref idref="fl-1e"/>
      </object_component>
      <object_component id="oc-2ed">
         <name>.const:g_pui32GPIOBaseAddrs</name>
         <load_address>0x11048</load_address>
         <run_address>0x11048</run_address>
         <size>0x90</size>
         <input_file_ref idref="fl-1b"/>
      </object_component>
      <object_component id="oc-2bc">
         <name>.const:g_pui32Xtals</name>
         <load_address>0x110d8</load_address>
         <run_address>0x110d8</run_address>
         <size>0x6c</size>
         <input_file_ref idref="fl-27"/>
      </object_component>
      <object_component id="oc-36e">
         <name>.const:g_ppui32TimerIntMap</name>
         <load_address>0x11144</load_address>
         <run_address>0x11144</run_address>
         <size>0x60</size>
         <input_file_ref idref="fl-2a"/>
      </object_component>
      <object_component id="oc-374">
         <name>.const:g_ppui32TimerIntMapSnowflake</name>
         <load_address>0x111a4</load_address>
         <run_address>0x111a4</run_address>
         <size>0x40</size>
         <input_file_ref idref="fl-2a"/>
      </object_component>
      <object_component id="oc-1c3">
         <name>.const:g_ppui32UARTIntMap</name>
         <load_address>0x111e4</load_address>
         <run_address>0x111e4</run_address>
         <size>0x40</size>
         <input_file_ref idref="fl-2b"/>
      </object_component>
      <object_component id="oc-1c9">
         <name>.const:g_ppui32UARTIntMapSnowflake</name>
         <load_address>0x11224</load_address>
         <run_address>0x11224</run_address>
         <size>0x40</size>
         <input_file_ref idref="fl-2b"/>
      </object_component>
      <object_component id="oc-215">
         <name>.const:g_psUSBDStdRequests</name>
         <load_address>0x11264</load_address>
         <run_address>0x11264</run_address>
         <size>0x34</size>
         <input_file_ref idref="fl-39"/>
      </object_component>
      <object_component id="oc-2b3">
         <name>.const:g_sXTALtoMEMTIM</name>
         <load_address>0x11298</load_address>
         <run_address>0x11298</run_address>
         <size>0x30</size>
         <input_file_ref idref="fl-27"/>
      </object_component>
      <object_component id="oc-2d0">
         <name>.const:g_pui32Priority</name>
         <load_address>0x112c8</load_address>
         <run_address>0x112c8</run_address>
         <size>0x20</size>
         <input_file_ref idref="fl-1e"/>
      </object_component>
      <object_component id="oc-2d9">
         <name>.const:g_pui32Dii16Regs</name>
         <load_address>0x112e8</load_address>
         <run_address>0x112e8</run_address>
         <size>0x14</size>
         <input_file_ref idref="fl-1e"/>
      </object_component>
      <object_component id="oc-2d6">
         <name>.const:g_pui32EnRegs</name>
         <load_address>0x112fc</load_address>
         <run_address>0x112fc</run_address>
         <size>0x14</size>
         <input_file_ref idref="fl-1e"/>
      </object_component>
      <object_component id="oc-2dc">
         <name>.const:g_pui32PendRegs</name>
         <load_address>0x11310</load_address>
         <run_address>0x11310</run_address>
         <size>0x14</size>
         <input_file_ref idref="fl-1e"/>
      </object_component>
      <object_component id="oc-2df">
         <name>.const:g_pui32UnpendRegs</name>
         <load_address>0x11324</load_address>
         <run_address>0x11324</run_address>
         <size>0x14</size>
         <input_file_ref idref="fl-1e"/>
      </object_component>
      <object_component id="oc-1e8">
         <name>.const:.string</name>
         <load_address>0x11338</load_address>
         <run_address>0x11338</run_address>
         <size>0x12</size>
         <input_file_ref idref="fl-53"/>
      </object_component>
      <object_component id="oc-c7">
         <name>.const:g_ui32UARTBase</name>
         <load_address>0x1134c</load_address>
         <run_address>0x1134c</run_address>
         <size>0xc</size>
         <input_file_ref idref="fl-53"/>
      </object_component>
      <object_component id="oc-cd">
         <name>.const:g_ui32UARTInt</name>
         <load_address>0x11358</load_address>
         <run_address>0x11358</run_address>
         <size>0xc</size>
         <input_file_ref idref="fl-53"/>
      </object_component>
      <object_component id="oc-ca">
         <name>.const:g_ui32UARTPeriph</name>
         <load_address>0x11364</load_address>
         <run_address>0x11364</run_address>
         <size>0xc</size>
         <input_file_ref idref="fl-53"/>
      </object_component>
      <object_component id="oc-2bf">
         <name>.const:g_pui32VCOFrequencies</name>
         <load_address>0x11370</load_address>
         <run_address>0x11370</run_address>
         <size>0x8</size>
         <input_file_ref idref="fl-27"/>
      </object_component>
      <object_component id="oc-2e7">
         <name>.const</name>
         <load_address>0x11378</load_address>
         <run_address>0x11378</run_address>
         <size>0x8</size>
         <input_file_ref idref="fl-1b"/>
      </object_component>
      <object_component id="oc-94">
         <name>.const</name>
         <load_address>0x11380</load_address>
         <run_address>0x11380</run_address>
         <size>0x8</size>
         <input_file_ref idref="fl-b"/>
      </object_component>
      <object_component id="oc-371">
         <name>.const</name>
         <load_address>0x11388</load_address>
         <run_address>0x11388</run_address>
         <size>0x8</size>
         <input_file_ref idref="fl-2a"/>
      </object_component>
      <object_component id="oc-1c6">
         <name>.const</name>
         <load_address>0x11390</load_address>
         <run_address>0x11390</run_address>
         <size>0x8</size>
         <input_file_ref idref="fl-2b"/>
      </object_component>
      <object_component id="oc-267">
         <name>.const</name>
         <load_address>0x11398</load_address>
         <run_address>0x11398</run_address>
         <size>0x4</size>
         <input_file_ref idref="fl-d"/>
      </object_component>
      <object_component id="oc-de">
         <name>.const</name>
         <load_address>0x1139c</load_address>
         <run_address>0x1139c</run_address>
         <size>0x4</size>
         <input_file_ref idref="fl-53"/>
      </object_component>
      <object_component id="oc-4fc">
         <name>.cinit..data.load</name>
         <load_address>0x113a0</load_address>
         <run_address>0x113a0</run_address>
         <size>0x60</size>
      </object_component>
      <object_component id="oc-4f9">
         <name>__TI_handler_table</name>
         <load_address>0x11400</load_address>
         <run_address>0x11400</run_address>
         <size>0xc</size>
      </object_component>
      <object_component id="oc-4fd">
         <name>.cinit..bss.load</name>
         <load_address>0x11410</load_address>
         <run_address>0x11410</run_address>
         <size>0x8</size>
      </object_component>
      <object_component id="oc-4fb">
         <name>.cinit..vtable.load</name>
         <load_address>0x11418</load_address>
         <run_address>0x11418</run_address>
         <size>0x8</size>
      </object_component>
      <object_component id="oc-4fa">
         <name>__TI_cinit_table</name>
         <load_address>0x11420</load_address>
         <run_address>0x11420</run_address>
         <size>0x18</size>
      </object_component>
      <object_component id="oc-2cd">
         <name>.vtable</name>
         <uninitialized>true</uninitialized>
         <run_address>0x20000000</run_address>
         <size>0x26c</size>
         <input_file_ref idref="fl-1e"/>
      </object_component>
      <object_component id="oc-1a3">
         <name>.data</name>
         <load_address>0x20005b60</load_address>
         <run_address>0x20005b60</run_address>
         <size>0x1</size>
         <input_file_ref idref="fl-2"/>
      </object_component>
      <object_component id="oc-91">
         <name>.data</name>
         <load_address>0x20005a80</load_address>
         <run_address>0x20005a80</run_address>
         <size>0x3c</size>
         <input_file_ref idref="fl-9"/>
      </object_component>
      <object_component id="oc-27c">
         <name>.data</name>
         <load_address>0x20005b14</load_address>
         <run_address>0x20005b14</run_address>
         <size>0xc</size>
         <input_file_ref idref="fl-a"/>
      </object_component>
      <object_component id="oc-a4">
         <name>.data</name>
         <load_address>0x20005b08</load_address>
         <run_address>0x20005b08</run_address>
         <size>0xc</size>
         <input_file_ref idref="fl-b"/>
      </object_component>
      <object_component id="oc-264">
         <name>.data</name>
         <load_address>0x20005aec</load_address>
         <run_address>0x20005aec</run_address>
         <size>0x10</size>
         <input_file_ref idref="fl-d"/>
      </object_component>
      <object_component id="oc-2c8">
         <name>.data</name>
         <load_address>0x20005b41</load_address>
         <run_address>0x20005b41</run_address>
         <size>0x3</size>
         <input_file_ref idref="fl-2f"/>
      </object_component>
      <object_component id="oc-2fb">
         <name>.data</name>
         <load_address>0x20005b54</load_address>
         <run_address>0x20005b54</run_address>
         <size>0x4</size>
         <input_file_ref idref="fl-31"/>
      </object_component>
      <object_component id="oc-20c">
         <name>.data</name>
         <load_address>0x20005b4c</load_address>
         <run_address>0x20005b4c</run_address>
         <size>0x8</size>
         <input_file_ref idref="fl-39"/>
      </object_component>
      <object_component id="oc-209">
         <name>.data</name>
         <load_address>0x20005b38</load_address>
         <run_address>0x20005b38</run_address>
         <size>0x9</size>
         <input_file_ref idref="fl-4c"/>
      </object_component>
      <object_component id="oc-224">
         <name>.data</name>
         <load_address>0x20005b2c</load_address>
         <run_address>0x20005b2c</run_address>
         <size>0xc</size>
         <input_file_ref idref="fl-4e"/>
      </object_component>
      <object_component id="oc-2af">
         <name>.data:g_pui32CPUUsageTimerPeriph</name>
         <load_address>0x20005ad4</load_address>
         <run_address>0x20005ad4</run_address>
         <size>0x18</size>
         <input_file_ref idref="fl-52"/>
      </object_component>
      <object_component id="oc-2a9">
         <name>.data:g_pui32CPUUsageTimerBase</name>
         <load_address>0x20005abc</load_address>
         <run_address>0x20005abc</run_address>
         <size>0x18</size>
         <input_file_ref idref="fl-52"/>
      </object_component>
      <object_component id="oc-d0">
         <name>.data</name>
         <load_address>0x20005b20</load_address>
         <run_address>0x20005b20</run_address>
         <size>0xc</size>
         <input_file_ref idref="fl-53"/>
      </object_component>
      <object_component id="oc-11e">
         <name>.data:$O1$$</name>
         <load_address>0x20005afc</load_address>
         <run_address>0x20005afc</run_address>
         <size>0xc</size>
         <input_file_ref idref="fl-111"/>
      </object_component>
      <object_component id="oc-8c">
         <name>.data</name>
         <load_address>0x20005b5c</load_address>
         <run_address>0x20005b5c</run_address>
         <size>0x4</size>
         <input_file_ref idref="fl-118"/>
      </object_component>
      <object_component id="oc-121">
         <name>.data:$O1$$</name>
         <load_address>0x20005b44</load_address>
         <run_address>0x20005b44</run_address>
         <size>0x8</size>
         <input_file_ref idref="fl-11d"/>
      </object_component>
      <object_component id="oc-46d">
         <name>.data</name>
         <load_address>0x20005b58</load_address>
         <run_address>0x20005b58</run_address>
         <size>0x4</size>
         <input_file_ref idref="fl-132"/>
      </object_component>
      <object_component id="oc-13f">
         <name>.bss:pxReadyTasksLists</name>
         <uninitialized>true</uninitialized>
         <run_address>0x2000546c</run_address>
         <size>0x140</size>
         <input_file_ref idref="fl-9"/>
      </object_component>
      <object_component id="oc-161">
         <name>.bss:xDelayedTaskList1</name>
         <uninitialized>true</uninitialized>
         <run_address>0x200057d8</run_address>
         <size>0x14</size>
         <input_file_ref idref="fl-9"/>
      </object_component>
      <object_component id="oc-164">
         <name>.bss:xDelayedTaskList2</name>
         <uninitialized>true</uninitialized>
         <run_address>0x200057ec</run_address>
         <size>0x14</size>
         <input_file_ref idref="fl-9"/>
      </object_component>
      <object_component id="oc-145">
         <name>.bss</name>
         <uninitialized>true</uninitialized>
         <run_address>0x20005854</run_address>
         <size>0x8</size>
         <input_file_ref idref="fl-9"/>
      </object_component>
      <object_component id="oc-157">
         <name>.bss:xPendingReadyList</name>
         <uninitialized>true</uninitialized>
         <run_address>0x20005800</run_address>
         <size>0x14</size>
         <input_file_ref idref="fl-9"/>
      </object_component>
      <object_component id="oc-142">
         <name>.bss:xTasksWaitingTermination</name>
         <uninitialized>true</uninitialized>
         <run_address>0x20005828</run_address>
         <size>0x14</size>
         <input_file_ref idref="fl-9"/>
      </object_component>
      <object_component id="oc-148">
         <name>.bss:xSuspendedTaskList</name>
         <uninitialized>true</uninitialized>
         <run_address>0x20005814</run_address>
         <size>0x14</size>
         <input_file_ref idref="fl-9"/>
      </object_component>
      <object_component id="oc-282">
         <name>.bss:xActiveTimerList1</name>
         <uninitialized>true</uninitialized>
         <run_address>0x200057b0</run_address>
         <size>0x14</size>
         <input_file_ref idref="fl-a"/>
      </object_component>
      <object_component id="oc-285">
         <name>.bss:xActiveTimerList2</name>
         <uninitialized>true</uninitialized>
         <run_address>0x200057c4</run_address>
         <size>0x14</size>
         <input_file_ref idref="fl-a"/>
      </object_component>
      <object_component id="oc-27f">
         <name>.bss</name>
         <uninitialized>true</uninitialized>
         <run_address>0x2000585c</run_address>
         <size>0x8</size>
         <input_file_ref idref="fl-a"/>
      </object_component>
      <object_component id="oc-26d">
         <name>.bss:ucHeap</name>
         <uninitialized>true</uninitialized>
         <run_address>0x2000026c</run_address>
         <size>0x5000</size>
         <input_file_ref idref="fl-d"/>
      </object_component>
      <object_component id="oc-26a">
         <name>.bss:xStart</name>
         <uninitialized>true</uninitialized>
         <run_address>0x20005864</run_address>
         <size>0x8</size>
         <input_file_ref idref="fl-d"/>
      </object_component>
      <object_component id="oc-2f8">
         <name>.bss:g_ui32Colors</name>
         <uninitialized>true</uninitialized>
         <run_address>0x20005848</run_address>
         <size>0xc</size>
         <input_file_ref idref="fl-31"/>
      </object_component>
      <object_component id="oc-2f7">
         <name>.bss</name>
         <uninitialized>true</uninitialized>
         <run_address>0x2000586c</run_address>
         <size>0x4</size>
         <input_file_ref idref="fl-31"/>
      </object_component>
      <object_component id="oc-212">
         <name>.bss:g_pui8DataBufferIn</name>
         <uninitialized>true</uninitialized>
         <run_address>0x2000570c</run_address>
         <size>0x40</size>
         <input_file_ref idref="fl-39"/>
      </object_component>
      <object_component id="oc-20f">
         <name>.bss</name>
         <uninitialized>true</uninitialized>
         <run_address>0x20005870</run_address>
         <size>0x4</size>
         <input_file_ref idref="fl-39"/>
      </object_component>
      <object_component id="oc-315">
         <name>.bss:g_psUSBDMAInst</name>
         <uninitialized>true</uninitialized>
         <run_address>0x200055ac</run_address>
         <size>0x110</size>
         <input_file_ref idref="fl-4a"/>
      </object_component>
      <object_component id="oc-2ac">
         <name>.bss</name>
         <uninitialized>true</uninitialized>
         <run_address>0x2000583c</run_address>
         <size>0xc</size>
         <input_file_ref idref="fl-52"/>
      </object_component>
      <object_component id="oc-c4">
         <name>.bss</name>
         <uninitialized>true</uninitialized>
         <run_address>0x2000579c</run_address>
         <size>0x14</size>
         <input_file_ref idref="fl-53"/>
      </object_component>
      <object_component id="oc-d6">
         <name>.bss:g_pcUARTRxHistoryBuffer</name>
         <uninitialized>true</uninitialized>
         <run_address>0x2000526c</run_address>
         <size>0x200</size>
         <input_file_ref idref="fl-53"/>
      </object_component>
      <object_component id="oc-d3">
         <name>.bss:g_usUARTRxHistoryOffset</name>
         <uninitialized>true</uninitialized>
         <run_address>0x2000574c</run_address>
         <size>0x20</size>
         <input_file_ref idref="fl-53"/>
      </object_component>
      <object_component id="oc-1a4">
         <name>.common:g_ui32CPUUsage</name>
         <uninitialized>true</uninitialized>
         <run_address>0x20005878</run_address>
         <size>0x4</size>
      </object_component>
      <object_component id="oc-1a7">
         <name>.common:g_ulSystemClock</name>
         <uninitialized>true</uninitialized>
         <run_address>0x2000587c</run_address>
         <size>0x4</size>
      </object_component>
      <object_component id="oc-205">
         <name>.common:g_psDCDInst</name>
         <uninitialized>true</uninitialized>
         <run_address>0x200056bc</run_address>
         <size>0x50</size>
      </object_component>
      <object_component id="oc-208">
         <name>.common:g_ppsDevInfo</name>
         <uninitialized>true</uninitialized>
         <run_address>0x20005874</run_address>
         <size>0x4</size>
      </object_component>
      <object_component id="oc-31a">
         <name>.common:g_pfnTickHandlers</name>
         <uninitialized>true</uninitialized>
         <run_address>0x2000576c</run_address>
         <size>0x18</size>
      </object_component>
      <object_component id="oc-31d">
         <name>.common:g_pvTickInstance</name>
         <uninitialized>true</uninitialized>
         <run_address>0x20005784</run_address>
         <size>0x18</size>
      </object_component>
      <object_component id="oc-2a">
         <name>.stack</name>
         <uninitialized>true</uninitialized>
         <run_address>0x20005880</run_address>
         <size>0x0</size>
         <input_file_ref idref="fl-10d"/>
      </object_component>
      <object_component id="oc-4fe">
         <name>.stack</name>
         <uninitialized>true</uninitialized>
         <run_address>0x20005880</run_address>
         <size>0x0</size>
      </object_component>
      <object_component id="oc-1a5">
         <name>.debug_info</name>
         <load_address>0x0</load_address>
         <run_address>0x0</run_address>
         <size>0x714</size>
         <input_file_ref idref="fl-2"/>
      </object_component>
      <object_component id="oc-9f">
         <name>.debug_info</name>
         <load_address>0x714</load_address>
         <run_address>0x714</run_address>
         <size>0x7db</size>
         <input_file_ref idref="fl-2"/>
      </object_component>
      <object_component id="oc-12c">
         <name>.debug_info</name>
         <load_address>0xeef</load_address>
         <run_address>0xeef</run_address>
         <size>0x30c</size>
         <input_file_ref idref="fl-2"/>
      </object_component>
      <object_component id="oc-1b7">
         <name>.debug_info</name>
         <load_address>0x11fb</load_address>
         <run_address>0x11fb</run_address>
         <size>0x461</size>
         <input_file_ref idref="fl-2"/>
      </object_component>
      <object_component id="oc-e2">
         <name>.debug_info</name>
         <load_address>0x165c</load_address>
         <run_address>0x165c</run_address>
         <size>0x8b</size>
         <input_file_ref idref="fl-2"/>
      </object_component>
      <object_component id="oc-1bd">
         <name>.debug_info</name>
         <load_address>0x16e7</load_address>
         <run_address>0x16e7</run_address>
         <size>0x46</size>
         <input_file_ref idref="fl-2"/>
      </object_component>
      <object_component id="oc-1d0">
         <name>.debug_info</name>
         <load_address>0x172d</load_address>
         <run_address>0x172d</run_address>
         <size>0x2c</size>
         <input_file_ref idref="fl-2"/>
      </object_component>
      <object_component id="oc-a9">
         <name>.debug_info</name>
         <load_address>0x1759</load_address>
         <run_address>0x1759</run_address>
         <size>0x2c</size>
         <input_file_ref idref="fl-2"/>
      </object_component>
      <object_component id="oc-b3">
         <name>.debug_info</name>
         <load_address>0x1785</load_address>
         <run_address>0x1785</run_address>
         <size>0x18b</size>
         <input_file_ref idref="fl-2"/>
      </object_component>
      <object_component id="oc-1ad">
         <name>.debug_info</name>
         <load_address>0x1910</load_address>
         <run_address>0x1910</run_address>
         <size>0x46</size>
         <input_file_ref idref="fl-2"/>
      </object_component>
      <object_component id="oc-ae">
         <name>.debug_info</name>
         <load_address>0x1956</load_address>
         <run_address>0x1956</run_address>
         <size>0x53</size>
         <input_file_ref idref="fl-2"/>
      </object_component>
      <object_component id="oc-e8">
         <name>.debug_info</name>
         <load_address>0x19a9</load_address>
         <run_address>0x19a9</run_address>
         <size>0x4e</size>
         <input_file_ref idref="fl-2"/>
      </object_component>
      <object_component id="oc-1b2">
         <name>.debug_info</name>
         <load_address>0x19f7</load_address>
         <run_address>0x19f7</run_address>
         <size>0x14c</size>
         <input_file_ref idref="fl-2"/>
      </object_component>
      <object_component id="oc-4a">
         <name>.debug_info</name>
         <load_address>0x1b43</load_address>
         <run_address>0x1b43</run_address>
         <size>0x38f</size>
         <input_file_ref idref="fl-3"/>
      </object_component>
      <object_component id="oc-10">
         <name>.debug_info</name>
         <load_address>0x1ed2</load_address>
         <run_address>0x1ed2</run_address>
         <size>0xe2</size>
         <input_file_ref idref="fl-3"/>
      </object_component>
      <object_component id="oc-2d">
         <name>.debug_info</name>
         <load_address>0x1fb4</load_address>
         <run_address>0x1fb4</run_address>
         <size>0x202</size>
         <input_file_ref idref="fl-3"/>
      </object_component>
      <object_component id="oc-51">
         <name>.debug_info</name>
         <load_address>0x21b6</load_address>
         <run_address>0x21b6</run_address>
         <size>0x84</size>
         <input_file_ref idref="fl-3"/>
      </object_component>
      <object_component id="oc-2a8">
         <name>.debug_info</name>
         <load_address>0x223a</load_address>
         <run_address>0x223a</run_address>
         <size>0x715</size>
         <input_file_ref idref="fl-5"/>
      </object_component>
      <object_component id="oc-17a">
         <name>.debug_info</name>
         <load_address>0x294f</load_address>
         <run_address>0x294f</run_address>
         <size>0x110</size>
         <input_file_ref idref="fl-5"/>
      </object_component>
      <object_component id="oc-25f">
         <name>.debug_info</name>
         <load_address>0x2a5f</load_address>
         <run_address>0x2a5f</run_address>
         <size>0x461</size>
         <input_file_ref idref="fl-5"/>
      </object_component>
      <object_component id="oc-3de">
         <name>.debug_info</name>
         <load_address>0x2ec0</load_address>
         <run_address>0x2ec0</run_address>
         <size>0x39</size>
         <input_file_ref idref="fl-5"/>
      </object_component>
      <object_component id="oc-255">
         <name>.debug_info</name>
         <load_address>0x2ef9</load_address>
         <run_address>0x2ef9</run_address>
         <size>0x46</size>
         <input_file_ref idref="fl-5"/>
      </object_component>
      <object_component id="oc-3e3">
         <name>.debug_info</name>
         <load_address>0x2f3f</load_address>
         <run_address>0x2f3f</run_address>
         <size>0x76</size>
         <input_file_ref idref="fl-5"/>
      </object_component>
      <object_component id="oc-273">
         <name>.debug_info</name>
         <load_address>0x2fb5</load_address>
         <run_address>0x2fb5</run_address>
         <size>0x35a</size>
         <input_file_ref idref="fl-6"/>
      </object_component>
      <object_component id="oc-13a">
         <name>.debug_info</name>
         <load_address>0x330f</load_address>
         <run_address>0x330f</run_address>
         <size>0x4f8</size>
         <input_file_ref idref="fl-6"/>
      </object_component>
      <object_component id="oc-1c2">
         <name>.debug_info</name>
         <load_address>0x3807</load_address>
         <run_address>0x3807</run_address>
         <size>0x916</size>
         <input_file_ref idref="fl-7"/>
      </object_component>
      <object_component id="oc-ba">
         <name>.debug_info</name>
         <load_address>0x411d</load_address>
         <run_address>0x411d</run_address>
         <size>0x3425</size>
         <input_file_ref idref="fl-7"/>
      </object_component>
      <object_component id="oc-304">
         <name>.debug_info</name>
         <load_address>0x7542</load_address>
         <run_address>0x7542</run_address>
         <size>0x17d</size>
         <input_file_ref idref="fl-7"/>
      </object_component>
      <object_component id="oc-105">
         <name>.debug_info</name>
         <load_address>0x76bf</load_address>
         <run_address>0x76bf</run_address>
         <size>0x2c</size>
         <input_file_ref idref="fl-8"/>
      </object_component>
      <object_component id="oc-12b">
         <name>.debug_info</name>
         <load_address>0x76eb</load_address>
         <run_address>0x76eb</run_address>
         <size>0x9ff</size>
         <input_file_ref idref="fl-9"/>
      </object_component>
      <object_component id="oc-92">
         <name>.debug_info</name>
         <load_address>0x80ea</load_address>
         <run_address>0x80ea</run_address>
         <size>0x3b5</size>
         <input_file_ref idref="fl-9"/>
      </object_component>
      <object_component id="oc-140">
         <name>.debug_info</name>
         <load_address>0x849f</load_address>
         <run_address>0x849f</run_address>
         <size>0xf6</size>
         <input_file_ref idref="fl-9"/>
      </object_component>
      <object_component id="oc-162">
         <name>.debug_info</name>
         <load_address>0x8595</load_address>
         <run_address>0x8595</run_address>
         <size>0xf6</size>
         <input_file_ref idref="fl-9"/>
      </object_component>
      <object_component id="oc-165">
         <name>.debug_info</name>
         <load_address>0x868b</load_address>
         <run_address>0x868b</run_address>
         <size>0xf6</size>
         <input_file_ref idref="fl-9"/>
      </object_component>
      <object_component id="oc-146">
         <name>.debug_info</name>
         <load_address>0x8781</load_address>
         <run_address>0x8781</run_address>
         <size>0x139</size>
         <input_file_ref idref="fl-9"/>
      </object_component>
      <object_component id="oc-158">
         <name>.debug_info</name>
         <load_address>0x88ba</load_address>
         <run_address>0x88ba</run_address>
         <size>0xf6</size>
         <input_file_ref idref="fl-9"/>
      </object_component>
      <object_component id="oc-143">
         <name>.debug_info</name>
         <load_address>0x89b0</load_address>
         <run_address>0x89b0</run_address>
         <size>0x104</size>
         <input_file_ref idref="fl-9"/>
      </object_component>
      <object_component id="oc-149">
         <name>.debug_info</name>
         <load_address>0x8ab4</load_address>
         <run_address>0x8ab4</run_address>
         <size>0xf8</size>
         <input_file_ref idref="fl-9"/>
      </object_component>
      <object_component id="oc-98">
         <name>.debug_info</name>
         <load_address>0x8bac</load_address>
         <run_address>0x8bac</run_address>
         <size>0x5612</size>
         <input_file_ref idref="fl-9"/>
      </object_component>
      <object_component id="oc-25a">
         <name>.debug_info</name>
         <load_address>0xe1be</load_address>
         <run_address>0xe1be</run_address>
         <size>0x15b</size>
         <input_file_ref idref="fl-9"/>
      </object_component>
      <object_component id="oc-289">
         <name>.debug_info</name>
         <load_address>0xe319</load_address>
         <run_address>0xe319</run_address>
         <size>0x828</size>
         <input_file_ref idref="fl-a"/>
      </object_component>
      <object_component id="oc-283">
         <name>.debug_info</name>
         <load_address>0xeb41</load_address>
         <run_address>0xeb41</run_address>
         <size>0xf6</size>
         <input_file_ref idref="fl-a"/>
      </object_component>
      <object_component id="oc-286">
         <name>.debug_info</name>
         <load_address>0xec37</load_address>
         <run_address>0xec37</run_address>
         <size>0xf6</size>
         <input_file_ref idref="fl-a"/>
      </object_component>
      <object_component id="oc-280">
         <name>.debug_info</name>
         <load_address>0xed2d</load_address>
         <run_address>0xed2d</run_address>
         <size>0x12e</size>
         <input_file_ref idref="fl-a"/>
      </object_component>
      <object_component id="oc-27d">
         <name>.debug_info</name>
         <load_address>0xee5b</load_address>
         <run_address>0xee5b</run_address>
         <size>0x11a</size>
         <input_file_ref idref="fl-a"/>
      </object_component>
      <object_component id="oc-14c">
         <name>.debug_info</name>
         <load_address>0xef75</load_address>
         <run_address>0xef75</run_address>
         <size>0x22e5</size>
         <input_file_ref idref="fl-a"/>
      </object_component>
      <object_component id="oc-28a">
         <name>.debug_info</name>
         <load_address>0x1125a</load_address>
         <run_address>0x1125a</run_address>
         <size>0x1e2</size>
         <input_file_ref idref="fl-a"/>
      </object_component>
      <object_component id="oc-a8">
         <name>.debug_info</name>
         <load_address>0x1143c</load_address>
         <run_address>0x1143c</run_address>
         <size>0x4b0</size>
         <input_file_ref idref="fl-b"/>
      </object_component>
      <object_component id="oc-95">
         <name>.debug_info</name>
         <load_address>0x118ec</load_address>
         <run_address>0x118ec</run_address>
         <size>0x16b</size>
         <input_file_ref idref="fl-b"/>
      </object_component>
      <object_component id="oc-a5">
         <name>.debug_info</name>
         <load_address>0x11a57</load_address>
         <run_address>0x11a57</run_address>
         <size>0x176</size>
         <input_file_ref idref="fl-b"/>
      </object_component>
      <object_component id="oc-38">
         <name>.debug_info</name>
         <load_address>0x11bcd</load_address>
         <run_address>0x11bcd</run_address>
         <size>0x97e</size>
         <input_file_ref idref="fl-b"/>
      </object_component>
      <object_component id="oc-33">
         <name>.debug_info</name>
         <load_address>0x1254b</load_address>
         <run_address>0x1254b</run_address>
         <size>0x25b</size>
         <input_file_ref idref="fl-c"/>
      </object_component>
      <object_component id="oc-271">
         <name>.debug_info</name>
         <load_address>0x127a6</load_address>
         <run_address>0x127a6</run_address>
         <size>0x472</size>
         <input_file_ref idref="fl-d"/>
      </object_component>
      <object_component id="oc-26e">
         <name>.debug_info</name>
         <load_address>0x12c18</load_address>
         <run_address>0x12c18</run_address>
         <size>0xf1</size>
         <input_file_ref idref="fl-d"/>
      </object_component>
      <object_component id="oc-268">
         <name>.debug_info</name>
         <load_address>0x12d09</load_address>
         <run_address>0x12d09</run_address>
         <size>0x103</size>
         <input_file_ref idref="fl-d"/>
      </object_component>
      <object_component id="oc-26b">
         <name>.debug_info</name>
         <load_address>0x12e0c</load_address>
         <run_address>0x12e0c</run_address>
         <size>0xf1</size>
         <input_file_ref idref="fl-d"/>
      </object_component>
      <object_component id="oc-265">
         <name>.debug_info</name>
         <load_address>0x12efd</load_address>
         <run_address>0x12efd</run_address>
         <size>0x1a5</size>
         <input_file_ref idref="fl-d"/>
      </object_component>
      <object_component id="oc-134">
         <name>.debug_info</name>
         <load_address>0x130a2</load_address>
         <run_address>0x130a2</run_address>
         <size>0x879</size>
         <input_file_ref idref="fl-d"/>
      </object_component>
      <object_component id="oc-359">
         <name>.debug_info</name>
         <load_address>0x1391b</load_address>
         <run_address>0x1391b</run_address>
         <size>0x62</size>
         <input_file_ref idref="fl-d"/>
      </object_component>
      <object_component id="oc-2b7">
         <name>.debug_info</name>
         <load_address>0x1397d</load_address>
         <run_address>0x1397d</run_address>
         <size>0x33c</size>
         <input_file_ref idref="fl-12"/>
      </object_component>
      <object_component id="oc-2f1">
         <name>.debug_info</name>
         <load_address>0x13cb9</load_address>
         <run_address>0x13cb9</run_address>
         <size>0x382</size>
         <input_file_ref idref="fl-1b"/>
      </object_component>
      <object_component id="oc-2e5">
         <name>.debug_info</name>
         <load_address>0x1403b</load_address>
         <run_address>0x1403b</run_address>
         <size>0x100</size>
         <input_file_ref idref="fl-1b"/>
      </object_component>
      <object_component id="oc-2e8">
         <name>.debug_info</name>
         <load_address>0x1413b</load_address>
         <run_address>0x1413b</run_address>
         <size>0x14e</size>
         <input_file_ref idref="fl-1b"/>
      </object_component>
      <object_component id="oc-2eb">
         <name>.debug_info</name>
         <load_address>0x14289</load_address>
         <run_address>0x14289</run_address>
         <size>0x102</size>
         <input_file_ref idref="fl-1b"/>
      </object_component>
      <object_component id="oc-2ee">
         <name>.debug_info</name>
         <load_address>0x1438b</load_address>
         <run_address>0x1438b</run_address>
         <size>0xf4</size>
         <input_file_ref idref="fl-1b"/>
      </object_component>
      <object_component id="oc-198">
         <name>.debug_info</name>
         <load_address>0x1447f</load_address>
         <run_address>0x1447f</run_address>
         <size>0x394d</size>
         <input_file_ref idref="fl-1b"/>
      </object_component>
      <object_component id="oc-2e3">
         <name>.debug_info</name>
         <load_address>0x17dcc</load_address>
         <run_address>0x17dcc</run_address>
         <size>0x35a</size>
         <input_file_ref idref="fl-1e"/>
      </object_component>
      <object_component id="oc-2d1">
         <name>.debug_info</name>
         <load_address>0x18126</load_address>
[...]
      </symbol>
      <symbol id="sm-fc3">
         <name>USBDeviceConfig</name>
         <value>0xe637</value>
         <object_component_ref idref="oc-21e"/>
      </symbol>
      <symbol id="sm-1144">
         <name>g_psDCDInst</name>
         <value>0x200056bc</value>
      </symbol>
      <symbol id="sm-1145">
         <name>g_ppsDevInfo</name>
         <value>0x20005874</value>
      </symbol>
      <symbol id="sm-1146">
         <name>USBDCDSendDataEP0</name>
         <value>0x5ee9</value>
         <object_component_ref idref="oc-ed"/>
      </symbol>
      <symbol id="sm-1147">
         <name>USBDCDTerm</name>
         <value>0x5de7</value>
         <object_component_ref idref="oc-ed"/>
      </symbol>
      <symbol id="sm-1148">
         <name>USBDCDFeatureSet</name>
         <value>0x5fe1</value>
         <object_component_ref idref="oc-ed"/>
      </symbol>
      <symbol id="sm-1149">
         <name>USBDCDRemoteWakeLPM</name>
         <value>0x60cd</value>
         <object_component_ref idref="oc-ed"/>
      </symbol>
      <symbol id="sm-114a">
         <name>USBDCDStallEP0</name>
         <value>0x5f41</value>
         <object_component_ref idref="oc-ed"/>
      </symbol>
      <symbol id="sm-114b">
         <name>USBDCDRequestDataEP0</name>
         <value>0x5e7d</value>
         <object_component_ref idref="oc-ed"/>
      </symbol>
      <symbol id="sm-114c">
         <name>USBDeviceEnumHandler</name>
         <value>0x622d</value>
         <object_component_ref idref="oc-ed"/>
      </symbol>
      <symbol id="sm-114d">
         <name>USBDCDInit</name>
         <value>0x5be9</value>
         <object_component_ref idref="oc-ed"/>
      </symbol>
      <symbol id="sm-114e">
         <name>USBDeviceEnumResetHandler</name>
         <value>0x638d</value>
         <object_component_ref idref="oc-ed"/>
      </symbol>
      <symbol id="sm-114f">
         <name>USBDCDFeatureGet</name>
         <value>0x6093</value>
         <object_component_ref idref="oc-ed"/>
      </symbol>
      <symbol id="sm-1150">
         <name>USBDCDPowerStatusSet</name>
         <value>0x5f81</value>
         <object_component_ref idref="oc-ed"/>
      </symbol>
      <symbol id="sm-1151">
         <name>USBDCDDeviceInfoInit</name>
         <value>0x5b85</value>
         <object_component_ref idref="oc-ed"/>
      </symbol>
      <symbol id="sm-1152">
         <name>USBDeviceIntHandlerInternal</name>
         <value>0x6f05</value>
         <object_component_ref idref="oc-ed"/>
      </symbol>
      <symbol id="sm-1153">
         <name>USBDCDRemoteWakeupRequest</name>
         <value>0x60e7</value>
         <object_component_ref idref="oc-ed"/>
      </symbol>
      <symbol id="sm-1154">
         <name>USBDCDSetDefaultConfiguration</name>
         <value>0x5f25</value>
         <object_component_ref idref="oc-ed"/>
      </symbol>
      <symbol id="sm-1155">
         <name>USBDeviceResumeTickHandler</name>
         <value>0x612d</value>
         <object_component_ref idref="oc-ed"/>
      </symbol>
      <symbol id="sm-1162">
         <name>USB0DeviceIntHandler</name>
         <value>0x10a7d</value>
         <object_component_ref idref="oc-42"/>
      </symbol>
      <symbol id="sm-11d9">
         <name>USBDescGetInterfaceEndpoint</name>
         <value>0xf823</value>
         <object_component_ref idref="oc-337"/>
      </symbol>
      <symbol id="sm-11da">
         <name>USBDescGetInterface</name>
         <value>0xf7f5</value>
         <object_component_ref idref="oc-337"/>
      </symbol>
      <symbol id="sm-11db">
         <name>USBDescGet</name>
         <value>0xf6d1</value>
         <object_component_ref idref="oc-337"/>
      </symbol>
      <symbol id="sm-11dc">
         <name>USBDescGetNum</name>
         <value>0xf675</value>
         <object_component_ref idref="oc-337"/>
      </symbol>
      <symbol id="sm-11dd">
         <name>USBDescGetNumAlternateInterfaces</name>
         <value>0xf73b</value>
         <object_component_ref idref="oc-337"/>
      </symbol>
      <symbol id="sm-12c4">
         <name>USBLibDMASizeGet</name>
         <value>0xa1d1</value>
         <object_component_ref idref="oc-1f9"/>
      </symbol>
      <symbol id="sm-12c5">
         <name>USBLibDMAAddrGet</name>
         <value>0xa1b9</value>
         <object_component_ref idref="oc-1f9"/>
      </symbol>
      <symbol id="sm-12c6">
         <name>USBLibDMAInit</name>
         <value>0xa1e9</value>
         <object_component_ref idref="oc-1f9"/>
      </symbol>
      <symbol id="sm-12db">
         <name>g_iUSBMode</name>
         <value>0x20005b38</value>
         <object_component_ref idref="oc-209"/>
      </symbol>
      <symbol id="sm-12dc">
         <name>g_ui32WaitTicks</name>
         <value>0x20005b3c</value>
         <object_component_ref idref="oc-209"/>
      </symbol>
      <symbol id="sm-1306">
         <name>g_pfnTickHandlers</name>
         <value>0x2000576c</value>
      </symbol>
      <symbol id="sm-1307">
         <name>g_pvTickInstance</name>
         <value>0x20005784</value>
      </symbol>
      <symbol id="sm-1308">
         <name>g_ui32USBSOFCount</name>
         <value>0x20005b34</value>
         <object_component_ref idref="oc-224"/>
      </symbol>
      <symbol id="sm-1309">
         <name>InternalUSBTickReset</name>
         <value>0x100df</value>
         <object_component_ref idref="oc-1ff"/>
      </symbol>
      <symbol id="sm-130a">
         <name>g_bUSBTimerInitialized</name>
         <value>0x20005b2c</value>
         <object_component_ref idref="oc-224"/>
      </symbol>
      <symbol id="sm-130b">
         <name>g_ui32CurrentUSBTick</name>
         <value>0x20005b30</value>
         <object_component_ref idref="oc-224"/>
      </symbol>
      <symbol id="sm-130c">
         <name>InternalUSBStartOfFrameTick</name>
         <value>0x10137</value>
         <object_component_ref idref="oc-1ff"/>
      </symbol>
      <symbol id="sm-130d">
         <name>InternalUSBRegisterTickHandler</name>
         <value>0x100e7</value>
         <object_component_ref idref="oc-1ff"/>
      </symbol>
      <symbol id="sm-130e">
         <name>InternalUSBTickInit</name>
         <value>0x100a1</value>
         <object_component_ref idref="oc-1ff"/>
      </symbol>
      <symbol id="sm-131b">
         <name>ULPIPowerTransceiver</name>
         <value>0x10309</value>
         <object_component_ref idref="oc-1f3"/>
      </symbol>
      <symbol id="sm-131c">
         <name>ULPIConfigSet</name>
         <value>0x10267</value>
         <object_component_ref idref="oc-1f3"/>
      </symbol>
      <symbol id="sm-1336">
         <name>GetOverflowCounts</name>
         <value>0x10a59</value>
         <object_component_ref idref="oc-15a"/>
      </symbol>
      <symbol id="sm-1337">
         <name>vConfigureTimerForRunTimeStats</name>
         <value>0x105c1</value>
         <object_component_ref idref="oc-151"/>
      </symbol>
      <symbol id="sm-1368">
         <name>CPUUsageInit</name>
         <value>0xfdc3</value>
         <object_component_ref idref="oc-17f"/>
      </symbol>
      <symbol id="sm-1369">
         <name>CPUUsageTick</name>
         <value>0xfd85</value>
         <object_component_ref idref="oc-17f"/>
      </symbol>
      <symbol id="sm-1471">
         <name>UARTTxBytesFree</name>
         <value>0xc9a7</value>
         <object_component_ref idref="oc-3c"/>
      </symbol>
      <symbol id="sm-1472">
         <name>UARTFlushRx</name>
         <value>0xc9b3</value>
         <object_component_ref idref="oc-3c"/>
      </symbol>
      <symbol id="sm-1473">
         <name>UARTgetc</name>
         <value>0xc63d</value>
         <object_component_ref idref="oc-3c"/>
      </symbol>
      <symbol id="sm-1474">
         <name>UARTgets</name>
         <value>0xc1dd</value>
         <object_component_ref idref="oc-3c"/>
      </symbol>
      <symbol id="sm-1475">
         <name>UARTFlushTx</name>
         <value>0xc9c1</value>
         <object_component_ref idref="oc-3c"/>
      </symbol>
      <symbol id="sm-1476">
         <name>UARTStdioConfig</name>
         <value>0xbfe7</value>
         <object_component_ref idref="oc-3c"/>
      </symbol>
      <symbol id="sm-1477">
         <name>UARTStdioIntHandler</name>
         <value>0xca0f</value>
         <object_component_ref idref="oc-3c"/>
      </symbol>
      <symbol id="sm-1478">
         <name>UARTRxBytesAvail</name>
         <value>0xc99b</value>
         <object_component_ref idref="oc-3c"/>
      </symbol>
      <symbol id="sm-1479">
         <name>UARTwrite</name>
         <value>0xc113</value>
         <object_component_ref idref="oc-3c"/>
      </symbol>
      <symbol id="sm-147a">
         <name>UARTEchoSet</name>
         <value>0xc9e7</value>
         <object_component_ref idref="oc-3c"/>
      </symbol>
      <symbol id="sm-147b">
         <name>UARTprintf</name>
         <value>0xc977</value>
         <object_component_ref idref="oc-3c"/>
      </symbol>
      <symbol id="sm-147c">
         <name>UARTvprintf</name>
         <value>0xc665</value>
         <object_component_ref idref="oc-3c"/>
      </symbol>
      <symbol id="sm-148d">
         <name>_c_int00</name>
         <value>0x10755</value>
         <object_component_ref idref="oc-24"/>
      </symbol>
      <symbol id="sm-148e">
         <name>__stack</name>
         <value>0x20005880</value>
         <object_component_ref idref="oc-2a"/>
      </symbol>
      <symbol id="sm-14ac">
         <name>__TI_decompress_lzss</name>
         <value>0x10629</value>
         <object_component_ref idref="oc-12"/>
      </symbol>
      <symbol id="sm-14c3">
         <name>__TI_decompress_none</name>
         <value>0x10b3d</value>
         <object_component_ref idref="oc-18"/>
      </symbol>
      <symbol id="sm-14d5">
         <name>__TI_zero_init</name>
         <value>0x10b4b</value>
         <object_component_ref idref="oc-1e"/>
      </symbol>
      <symbol id="sm-14f6">
         <name>C$$EXIT</name>
         <value>0x107a9</value>
         <object_component_ref idref="oc-86"/>
      </symbol>
      <symbol id="sm-14f7">
         <name>abort</name>
         <value>0x107ad</value>
         <object_component_ref idref="oc-86"/>
      </symbol>
      <symbol id="sm-14f8">
         <name>exit</name>
         <value>0x107b5</value>
         <object_component_ref idref="oc-86"/>
      </symbol>
      <symbol id="sm-14f9">
         <name>__TI_dtors_ptr</name>
         <value>0x20005b00</value>
         <object_component_ref idref="oc-11e"/>
      </symbol>
      <symbol id="sm-14fa">
         <name>__TI_cleanup_ptr</name>
         <value>0x20005afc</value>
         <object_component_ref idref="oc-11e"/>
      </symbol>
      <symbol id="sm-14fb">
         <name>__TI_enable_exit_profile_output</name>
         <value>0x20005b04</value>
         <object_component_ref idref="oc-11e"/>
      </symbol>
      <symbol id="sm-1505">
         <name>__aeabi_f2ulz</name>
         <value>0x10851</value>
         <object_component_ref idref="oc-2f2"/>
      </symbol>
      <symbol id="sm-1520">
         <name>memcpy</name>
         <value>0x1032f</value>
         <object_component_ref idref="oc-56"/>
      </symbol>
      <symbol id="sm-1521">
         <name>__aeabi_memcpy</name>
         <value>0x1032f</value>
         <object_component_ref idref="oc-56"/>
      </symbol>
      <symbol id="sm-1522">
         <name>__aeabi_memcpy8</name>
         <value>0x1032f</value>
         <object_component_ref idref="oc-56"/>
      </symbol>
      <symbol id="sm-1523">
         <name>__aeabi_memcpy4</name>
         <value>0x1032f</value>
         <object_component_ref idref="oc-56"/>
      </symbol>
      <symbol id="sm-1532">
         <name>__aeabi_memset</name>
         <value>0x104d9</value>
         <object_component_ref idref="oc-62"/>
      </symbol>
      <symbol id="sm-1533">
         <name>memset</name>
         <value>0x104df</value>
         <object_component_ref idref="oc-62"/>
      </symbol>
      <symbol id="sm-1534">
         <name>__aeabi_memset8</name>
         <value>0x104d9</value>
         <object_component_ref idref="oc-62"/>
      </symbol>
      <symbol id="sm-1535">
         <name>__aeabi_memset4</name>
         <value>0x104d9</value>
         <object_component_ref idref="oc-62"/>
      </symbol>
      <symbol id="sm-1536">
         <name>__aeabi_memclr8</name>
         <value>0x104d7</value>
         <object_component_ref idref="oc-62"/>
      </symbol>
      <symbol id="sm-1537">
         <name>__aeabi_memclr4</name>
         <value>0x104d7</value>
         <object_component_ref idref="oc-62"/>
      </symbol>
      <symbol id="sm-1538">
         <name>__aeabi_memclr</name>
         <value>0x104d7</value>
         <object_component_ref idref="oc-62"/>
      </symbol>
      <symbol id="sm-1542">
         <name>__mpu_init</name>
         <value>0xef9f</value>
         <object_component_ref idref="oc-6e"/>
      </symbol>
      <symbol id="sm-154c">
         <name>_system_pre_init</name>
         <value>0x10b5d</value>
         <object_component_ref idref="oc-74"/>
      </symbol>
      <symbol id="sm-1565">
         <name>sprintf</name>
         <value>0x106f5</value>
         <object_component_ref idref="oc-173"/>
      </symbol>
      <symbol id="sm-156d">
         <name>main_func_sp</name>
         <value>0x20005b5c</value>
         <object_component_ref idref="oc-8c"/>
      </symbol>
      <symbol id="sm-157c">
         <name>strcpy</name>
         <value>0x10b15</value>
         <object_component_ref idref="oc-167"/>
      </symbol>
      <symbol id="sm-158a">
         <name>strlen</name>
         <value>0x10b29</value>
         <object_component_ref idref="oc-16d"/>
      </symbol>
      <symbol id="sm-1599">
         <name>__aeabi_uidivmod</name>
         <value>0x10981</value>
         <object_component_ref idref="oc-d9"/>
      </symbol>
      <symbol id="sm-159a">
         <name>__aeabi_uidiv</name>
         <value>0x10981</value>
         <object_component_ref idref="oc-d9"/>
      </symbol>
      <symbol id="sm-15b3">
         <name>_nop</name>
         <value>0x10afb</value>
         <object_component_ref idref="oc-247"/>
      </symbol>
      <symbol id="sm-15b4">
         <name>_lock</name>
         <value>0x20005b44</value>
         <object_component_ref idref="oc-121"/>
      </symbol>
      <symbol id="sm-15b5">
         <name>_unlock</name>
         <value>0x20005b48</value>
         <object_component_ref idref="oc-121"/>
      </symbol>
      <symbol id="sm-15b6">
         <name>_register_lock</name>
         <value>0x10af3</value>
         <object_component_ref idref="oc-247"/>
      </symbol>
      <symbol id="sm-15b7">
         <name>_register_unlock</name>
         <value>0x10aed</value>
         <object_component_ref idref="oc-247"/>
      </symbol>
      <symbol id="sm-16b8">
         <name>__TI_printfi</name>
         <value>0x8b2d</value>
         <object_component_ref idref="oc-2a0"/>
      </symbol>
      <symbol id="sm-16cc">
         <name>_args_main</name>
         <value>0x10abd</value>
         <object_component_ref idref="oc-80"/>
      </symbol>
      <symbol id="sm-16e2">
         <name>atoi</name>
         <value>0x108a1</value>
         <object_component_ref idref="oc-3bd"/>
      </symbol>
      <symbol id="sm-170c">
         <name>__TI_auto_init</name>
         <value>0x10551</value>
         <object_component_ref idref="oc-7a"/>
      </symbol>
      <symbol id="sm-1726">
         <name>copy_in</name>
         <value>0x108ed</value>
         <object_component_ref idref="oc-10e"/>
      </symbol>
      <symbol id="sm-1731">
         <name>_ctypes_</name>
         <value>0x10d10</value>
         <object_component_ref idref="oc-474"/>
      </symbol>
      <symbol id="sm-1748">
         <name>__aeabi_dsub</name>
         <value>0xf847</value>
         <object_component_ref idref="oc-3a6"/>
      </symbol>
      <symbol id="sm-1749">
         <name>__aeabi_dadd</name>
         <value>0xf851</value>
         <object_component_ref idref="oc-3a6"/>
      </symbol>
      <symbol id="sm-176b">
         <name>__aeabi_cdcmpeq</name>
         <value>0x103cb</value>
         <object_component_ref idref="oc-382"/>
      </symbol>
      <symbol id="sm-176c">
         <name>__aeabi_cdcmple</name>
         <value>0x103cb</value>
         <object_component_ref idref="oc-382"/>
      </symbol>
      <symbol id="sm-176d">
         <name>__aeabi_cdrcmple</name>
         <value>0x10451</value>
         <object_component_ref idref="oc-391"/>
      </symbol>
      <symbol id="sm-1781">
         <name>__aeabi_ddiv</name>
         <value>0xf9fd</value>
         <object_component_ref idref="oc-38c"/>
      </symbol>
      <symbol id="sm-178c">
         <name>__aeabi_dmul</name>
         <value>0xfea9</value>
         <object_component_ref idref="oc-387"/>
      </symbol>
      <symbol id="sm-1796">
         <name>__aeabi_d2iz</name>
         <value>0x10939</value>
         <object_component_ref idref="oc-396"/>
      </symbol>
      <symbol id="sm-17a0">
         <name>__aeabi_idiv0</name>
         <value>0x9427</value>
         <object_component_ref idref="oc-1e1"/>
      </symbol>
      <symbol id="sm-17aa">
         <name>__aeabi_i2d</name>
         <value>0x109ff</value>
         <object_component_ref idref="oc-3a1"/>
      </symbol>
      <symbol id="sm-17b9">
         <name>ltoa</name>
         <value>0x107fd</value>
         <object_component_ref idref="oc-39b"/>
      </symbol>
      <symbol id="sm-17c9">
         <name>memccpy</name>
         <value>0x10aa1</value>
         <object_component_ref idref="oc-3c3"/>
      </symbol>
      <symbol id="sm-17e4">
         <name>frexpl</name>
         <value>0x10691</value>
         <object_component_ref idref="oc-3ab"/>
      </symbol>
      <symbol id="sm-17e5">
         <name>frexp</name>
         <value>0x10691</value>
         <object_component_ref idref="oc-3ab"/>
      </symbol>
      <symbol id="sm-1802">
         <name>scalbn</name>
         <value>0xffa5</value>
         <object_component_ref idref="oc-3b1"/>
      </symbol>
      <symbol id="sm-1803">
         <name>scalbnl</name>
         <value>0xffa5</value>
         <object_component_ref idref="oc-3b1"/>
      </symbol>
      <symbol id="sm-1804">
         <name>ldexpl</name>
         <value>0xffa5</value>
         <object_component_ref idref="oc-3b1"/>
      </symbol>
      <symbol id="sm-1805">
         <name>ldexp</name>
         <value>0xffa5</value>
         <object_component_ref idref="oc-3b1"/>
      </symbol>
      <symbol id="sm-180f">
         <name>_system_post_cinit</name>
         <value>0x10aeb</value>
         <object_component_ref idref="oc-114"/>
      </symbol>
      <symbol id="sm-181f">
         <name>strchr</name>
         <value>0x10ad5</value>
         <object_component_ref idref="oc-3b7"/>
      </symbol>
      <symbol id="sm-183b">
         <name>__aeabi_uldivmod</name>
         <value>0xf481</value>
         <object_component_ref idref="oc-37d"/>
      </symbol>
      <symbol id="sm-1843">
         <name>errno</name>
         <value>0x20005b58</value>
         <object_component_ref idref="oc-46d"/>
      </symbol>
      <symbol id="sm-184d">
         <name>copysign</name>
         <value>0x10b01</value>
         <object_component_ref idref="oc-467"/>
      </symbol>
      <symbol id="sm-184e">
         <name>copysignl</name>
         <value>0x10b01</value>
         <object_component_ref idref="oc-467"/>
      </symbol>
      <symbol id="sm-184f">
         <name>__TI_static_base__</name>
         <value>0x0</value>
      </symbol>
      <symbol id="sm-1852">
         <name>SHT$$INIT_ARRAY$$Limit</name>
         <value>0x0</value>
      </symbol>
      <symbol id="sm-1853">
         <name>SHT$$INIT_ARRAY$$Base</name>
         <value>0x0</value>
      </symbol>
   </symbol_table>
   <title>Link successful</title>
</link_info>
